// Jest Snapshot v1, https://goo.gl/fbAQLP

exports[`ChooseActivityScreen snapshot renders ChooseActivityScreen correctly 1`] = `
<Component
  style={
    Object {
      "backgroundColor": "#3db3e2",
    }
  }
>
  <StatusBar
    animated={false}
    hidden={true}
    showHideTransition="fade"
  />
  <CardCarousel
    data={
      Array [
        Object {
          "color": "#0e79b2",
          "image": "toothbrush",
          "time": Object {
            "goal": 10,
            "max": 15,
            "min": 1,
          },
          "title": "Lavar os dentes",
        },
        Object {
          "color": "#7fb800",
          "image": "socks",
          "time": Object {
            "goal": 60,
            "max": 120,
            "min": 10,
          },
          "title": "Vestir",
        },
        Object {
          "color": "#37c1f0",
          "image": "shower",
          "time": Object {
            "goal": 60,
            "max": 120,
            "min": 10,
          },
          "title": "Tomar banho",
        },
        Object {
          "color": "#e43f6f",
          "image": "bag",
          "time": Object {
            "goal": 60,
            "max": 120,
            "min": 10,
          },
          "title": "Preparar a mochila",
        },
        Object {
          "color": "#4bb3fd",
          "image": "sneakers",
          "time": Object {
            "goal": 60,
            "max": 120,
            "min": 10,
          },
          "title": "Calçar os sapatos",
        },
        Object {
          "color": "#ff7f11",
          "image": "breakfast",
          "time": Object {
            "goal": 60,
            "max": 120,
            "min": 10,
          },
          "title": "Tomar o pequeno almoço",
        },
        Object {
          "color": "#b0db43",
          "image": "comb",
          "time": Object {
            "goal": 60,
            "max": 120,
            "min": 10,
          },
          "title": "Pentear cabelo",
        },
      ]
    }
    onPress={[Function]}
  />
</Component>
`;
