// Jest Snapshot v1, https://goo.gl/fbAQLP

exports[`MainMenuScreen snapshot renders MainMenuScreen correctly 1`] = `
<Component
  style={
    Object {
      "alignContent": "center",
      "backgroundColor": "#3db3e2",
      "height": "100%",
      "justifyContent": "center",
      "width": "100%",
    }
  }
>
  <TouchableOpacity
    activeOpacity={0.2}
    onPress={[Function]}
    style={
      Object {
        "height": 30,
        "position": "absolute",
        "right": 20,
        "top": 20,
        "width": 30,
      }
    }
  >
    <Image
      resizeMode="contain"
      source={1}
      style={
        Object {
          "height": "100%",
          "width": "100%",
        }
      }
    />
  </TouchableOpacity>
  <ScrollViewMock
    style={
      Object {
        "flex": 1,
        "paddingTop": 30,
      }
    }
  >
    <Component
      key="0"
      style={
        Object {
          "alignItems": "center",
          "flexGrow": 1,
          "justifyContent": "center",
          "marginBottom": 30,
        }
      }
    >
      <TouchableOpacity
        activeOpacity={0.8}
        onPress={[Function]}
        style={
          Object {
            "alignItems": "center",
            "borderRadius": 225,
            "elevation": 10,
            "height": 450,
            "justifyContent": "center",
            "overflow": "hidden",
            "position": "relative",
            "width": 450,
          }
        }
      >
        <Image
          resizeMode="cover"
          source={
            Object {
              "uri": "https://davidkallin.files.wordpress.com/2010/11/bart-simpson.jpg",
            }
          }
          style={
            Object {
              "height": "100%",
              "width": "100%",
            }
          }
        />
      </TouchableOpacity>
      <Text
        accessible={true}
        allowFontScaling={true}
        ellipsizeMode="tail"
        style={
          Object {
            "color": "#ffffff",
            "fontFamily": "LinotteBold",
            "fontSize": 30,
            "marginTop": 15,
            "textShadowColor": "rgba(0, 0, 0, 0.2)",
            "textShadowOffset": Object {
              "height": 1,
              "width": 0,
            },
            "textShadowRadius": 3,
          }
        }
      >
        Bart
      </Text>
    </Component>
    <Component
      key="1"
      style={
        Object {
          "alignItems": "center",
          "flexGrow": 1,
          "justifyContent": "center",
          "marginBottom": 30,
        }
      }
    >
      <TouchableOpacity
        activeOpacity={0.8}
        onPress={[Function]}
        style={
          Object {
            "alignItems": "center",
            "borderRadius": 225,
            "elevation": 10,
            "height": 450,
            "justifyContent": "center",
            "overflow": "hidden",
            "position": "relative",
            "width": 450,
          }
        }
      >
        <Image
          resizeMode="cover"
          source={
            Object {
              "uri": "https://66.media.tumblr.com/aa10720452d4eb5f7999144ba6a82b83/tumblr_nczlkjyQSn1sauer5o6_250.png",
            }
          }
          style={
            Object {
              "height": "100%",
              "width": "100%",
            }
          }
        />
      </TouchableOpacity>
      <Text
        accessible={true}
        allowFontScaling={true}
        ellipsizeMode="tail"
        style={
          Object {
            "color": "#ffffff",
            "fontFamily": "LinotteBold",
            "fontSize": 30,
            "marginTop": 15,
            "textShadowColor": "rgba(0, 0, 0, 0.2)",
            "textShadowOffset": Object {
              "height": 1,
              "width": 0,
            },
            "textShadowRadius": 3,
          }
        }
      >
        Lisa
      </Text>
    </Component>
    <Component
      key="2"
      style={
        Object {
          "alignItems": "center",
          "flexGrow": 1,
          "justifyContent": "center",
          "marginBottom": 30,
        }
      }
    >
      <TouchableOpacity
        activeOpacity={0.8}
        onPress={[Function]}
        style={
          Object {
            "alignItems": "center",
            "borderRadius": 225,
            "elevation": 10,
            "height": 450,
            "justifyContent": "center",
            "overflow": "hidden",
            "position": "relative",
            "width": 450,
          }
        }
      >
        <Image
          resizeMode="cover"
          source={
            Object {
              "uri": "https://img.maximummedia.ie/joe_co_uk/eyJkYXRhIjoie1widXJsXCI6XCJodHRwOlxcXC9cXFwvbWVkaWEtam9lY291ay5tYXhpbXVtbWVkaWEuaWUuczMuYW1hem9uYXdzLmNvbVxcXC93cC1jb250ZW50XFxcL3VwbG9hZHNcXFwvMjAxN1xcXC8xMlxcXC8xNDIwMjcxNVxcXC9tYWdnaWUtc2ltcHNvbi5wbmdcIixcIndpZHRoXCI6NzY3LFwiaGVpZ2h0XCI6NDMxLFwiZGVmYXVsdFwiOlwiaHR0cHM6XFxcL1xcXC93d3cuam9lLmNvLnVrXFxcL2Fzc2V0c1xcXC9pbWFnZXNcXFwvam9lY291a1xcXC9uby1pbWFnZS5wbmc_dj01XCJ9IiwiaGFzaCI6ImZmNmY2NWYxYjRjYjQyYTVjMWQ5ZGUxNGI1MGUxMmEyYjJlZjcwYjQifQ==/maggie-simpson.png",
            }
          }
          style={
            Object {
              "height": "100%",
              "width": "100%",
            }
          }
        />
      </TouchableOpacity>
      <Text
        accessible={true}
        allowFontScaling={true}
        ellipsizeMode="tail"
        style={
          Object {
            "color": "#ffffff",
            "fontFamily": "LinotteBold",
            "fontSize": 30,
            "marginTop": 15,
            "textShadowColor": "rgba(0, 0, 0, 0.2)",
            "textShadowOffset": Object {
              "height": 1,
              "width": 0,
            },
            "textShadowRadius": 3,
          }
        }
      >
        Maggie
      </Text>
    </Component>
  </ScrollViewMock>
  <Component
    style={
      Object {
        "alignItems": "center",
        "justifyContent": "center",
      }
    }
  >
    <TouchableOpacity
      activeOpacity={0.8}
      onPress={[Function]}
      style={
        Object {
          "alignItems": "center",
          "backgroundColor": "#046488",
          "borderTopLeftRadius": 45,
          "borderTopRightRadius": 45,
          "elevation": 10,
          "height": 150,
          "justifyContent": "center",
          "overflow": "hidden",
          "width": 450,
        }
      }
    >
      <Text
        accessible={true}
        allowFontScaling={true}
        ellipsizeMode="tail"
        style={
          Object {
            "color": "#fff",
            "fontFamily": "LinotteBold",
            "fontSize": 30,
            "marginTop": 15,
            "textShadowColor": "rgba(0, 0, 0, 0.2)",
            "textShadowOffset": Object {
              "height": 1,
              "width": 0,
            },
            "textShadowRadius": 3,
          }
        }
      >
        Zona de pai
      </Text>
    </TouchableOpacity>
  </Component>
</Component>
`;
